[debug] [2025-08-11T09:02:38.589Z] [Firebase Plugin] Activating Firebase extension.
[info] [Firebase Plugin] Checked firebase-tools, is up to date!
[debug] [2025-08-11T09:02:54.854Z] [Firebase Plugin] requireAuthWrapper
[debug] [2025-08-11T09:02:54.856Z] > command requires scopes: ["email","openid","https://www.googleapis.com/auth/cloudplatformprojects.readonly","https://www.googleapis.com/auth/firebase","https://www.googleapis.com/auth/cloud-platform"]
[debug] [2025-08-11T09:02:54.879Z] [Firebase Plugin] VSCode notification server listening on port 40001
[info] [Firebase Plugin] Starting Data Connect toolkit (version 2.10.1) on port 50001
[debug] [2025-08-11T09:02:57.305Z] I0811 09:02:57.260802   20580 control.go:84] [/emulator/studio 816f] UpdateResources(): done
Schema: sources: schema/schema.gql [2088B] 
Connector "default": sources: connector/mutations.gql [1301B] connector/queries.gql [1947B] 
 {"metadata":{"emulator":{"name":"dataconnect"},"message":"I0811 09:02:57.260802   20580 control.go:84] [/emulator/studio 816f] UpdateResources(): done\nSchema: sources: schema/schema.gql [2088B] \nConnector \"default\": sources: connector/mutations.gql [1301B] connector/queries.gql [1947B] \n"}}
[debug] [2025-08-11T09:02:57.308Z] Ignoring unsupported arg: auto_download {"metadata":{"emulator":{"name":"dataconnect"},"message":"Ignoring unsupported arg: auto_download"}}
[debug] [2025-08-11T09:02:57.309Z] Ignoring unsupported arg: port {"metadata":{"emulator":{"name":"dataconnect"},"message":"Ignoring unsupported arg: port"}}
[debug] [2025-08-11T09:02:57.310Z] Starting Data Connect Emulator with command {"binary":"/home/user/.cache/firebase/emulators/dataconnect-emulator-2.10.1","args":["--logtostderr","-v=2","dev","--listen=localhost:50001","--config_dir=/home/user/studio/dataconnect","--enable_output_schema_extensions=true","--enable_output_generated_sdk=true"],"optionalArgs":["listen","config_dir","enable_output_schema_extensions","enable_output_generated_sdk"],"joinArgs":true,"shell":false,"port":9399} {"metadata":{"emulator":{"name":"dataconnect"},"message":"Starting Data Connect Emulator with command {\"binary\":\"/home/user/.cache/firebase/emulators/dataconnect-emulator-2.10.1\",\"args\":[\"--logtostderr\",\"-v=2\",\"dev\",\"--listen=localhost:50001\",\"--config_dir=/home/user/studio/dataconnect\",\"--enable_output_schema_extensions=true\",\"--enable_output_generated_sdk=true\"],\"optionalArgs\":[\"listen\",\"config_dir\",\"enable_output_schema_extensions\",\"enable_output_generated_sdk\"],\"joinArgs\":true,\"shell\":false,\"port\":9399}"}}
[info] i  dataconnect: Data Connect Emulator logging to dataconnect-debug.log {"metadata":{"emulator":{"name":"dataconnect"},"message":"Data Connect Emulator logging to dataconnect-debug.log"}}
[debug] [2025-08-11T09:02:57.805Z] I0811 09:02:57.426744   20585 load.go:37] Reloading schema and connectors...
I0811 09:02:57.524546   20585 control.go:84] [/emulator/studio ce43] UpdateResources(): done
Schema: sources: schema/schema.gql [2088B] 
Connector "default": sources: connector/mutations.gql [1301B] connector/queries.gql [1947B] 
I0811 09:02:57.661535   20585 collector.go:107] schema extensions wrote into "/home/user/studio/dataconnect/.dataconnect/schema"
Generated sources: prelude.gql [73172B] 
I0811 09:02:57.661891   20585 load.go:115] Finished reloading
I0811 09:02:57.676686   20585 dev.go:95] Listening on address (HTTP + gRPC): 127.0.0.1:50001
 {"metadata":{"emulator":{"name":"dataconnect"},"message":"I0811 09:02:57.426744   20585 load.go:37] Reloading schema and connectors...\nI0811 09:02:57.524546   20585 control.go:84] [/emulator/studio ce43] UpdateResources(): done\nSchema: sources: schema/schema.gql [2088B] \nConnector \"default\": sources: connector/mutations.gql [1301B] connector/queries.gql [1947B] \nI0811 09:02:57.661535   20585 collector.go:107] schema extensions wrote into \"/home/user/studio/dataconnect/.dataconnect/schema\"\nGenerated sources: prelude.gql [73172B] \nI0811 09:02:57.661891   20585 load.go:115] Finished reloading\nI0811 09:02:57.676686   20585 dev.go:95] Listening on address (HTTP + gRPC): 127.0.0.1:50001\n"}}
[error] [Firebase Plugin] error:  {}
[debug] [2025-08-11T09:03:29.685Z] Running auto auth
[debug] [2025-08-11T09:03:29.708Z] No OAuth tokens found
[debug] [2025-08-11T09:03:29.709Z] [Firebase Plugin] User found:  sereymonyros@gmail.com
[info] [Firebase Plugin] (Core:Project) New user detected, fetching projects
[debug] [2025-08-11T09:03:29.711Z] No OAuth tokens found
[debug] [2025-08-11T09:03:29.714Z] >>> [apiv2][query] GET https://firebase.googleapis.com/v1beta1/projects pageSize=1000
[debug] [2025-08-11T09:03:30.255Z] <<< [apiv2][status] GET https://firebase.googleapis.com/v1beta1/projects 200
[debug] [2025-08-11T09:03:30.256Z] <<< [apiv2][body] GET https://firebase.googleapis.com/v1beta1/projects [omitted]
[debug] [2025-08-11T18:09:55.748Z] [Firebase Plugin] Activating Firebase extension.
[info] [Firebase Plugin] Checked firebase-tools, is up to date!
[debug] [2025-08-11T18:10:12.190Z] [Firebase Plugin] requireAuthWrapper
[debug] [2025-08-11T18:10:12.192Z] > command requires scopes: ["email","openid","https://www.googleapis.com/auth/cloudplatformprojects.readonly","https://www.googleapis.com/auth/firebase","https://www.googleapis.com/auth/cloud-platform"]
[debug] [2025-08-11T18:10:12.222Z] [Firebase Plugin] VSCode notification server listening on port 40001
[info] [Firebase Plugin] Starting Data Connect toolkit (version 2.10.1) on port 50001
[debug] [2025-08-11T18:10:15.507Z] I0811 18:10:15.408708    1275 control.go:84] [/emulator/studio e098] UpdateResources(): done
Schema: sources: schema/schema.gql [2088B] 
Connector "default": sources: connector/mutations.gql [1301B] connector/queries.gql [1947B] 
 {"metadata":{"emulator":{"name":"dataconnect"},"message":"I0811 18:10:15.408708    1275 control.go:84] [/emulator/studio e098] UpdateResources(): done\nSchema: sources: schema/schema.gql [2088B] \nConnector \"default\": sources: connector/mutations.gql [1301B] connector/queries.gql [1947B] \n"}}
[debug] [2025-08-11T18:10:15.516Z] Ignoring unsupported arg: auto_download {"metadata":{"emulator":{"name":"dataconnect"},"message":"Ignoring unsupported arg: auto_download"}}
[debug] [2025-08-11T18:10:15.523Z] Ignoring unsupported arg: port {"metadata":{"emulator":{"name":"dataconnect"},"message":"Ignoring unsupported arg: port"}}
[debug] [2025-08-11T18:10:15.524Z] Starting Data Connect Emulator with command {"binary":"/home/user/.cache/firebase/emulators/dataconnect-emulator-2.10.1","args":["--logtostderr","-v=2","dev","--listen=localhost:50001","--config_dir=/home/user/studio/dataconnect","--enable_output_schema_extensions=true","--enable_output_generated_sdk=true"],"optionalArgs":["listen","config_dir","enable_output_schema_extensions","enable_output_generated_sdk"],"joinArgs":true,"shell":false,"port":9399} {"metadata":{"emulator":{"name":"dataconnect"},"message":"Starting Data Connect Emulator with command {\"binary\":\"/home/user/.cache/firebase/emulators/dataconnect-emulator-2.10.1\",\"args\":[\"--logtostderr\",\"-v=2\",\"dev\",\"--listen=localhost:50001\",\"--config_dir=/home/user/studio/dataconnect\",\"--enable_output_schema_extensions=true\",\"--enable_output_generated_sdk=true\"],\"optionalArgs\":[\"listen\",\"config_dir\",\"enable_output_schema_extensions\",\"enable_output_generated_sdk\"],\"joinArgs\":true,\"shell\":false,\"port\":9399}"}}
[info] i  dataconnect: Data Connect Emulator logging to dataconnect-debug.log {"metadata":{"emulator":{"name":"dataconnect"},"message":"Data Connect Emulator logging to dataconnect-debug.log"}}
[debug] [2025-08-11T18:10:15.740Z] I0811 18:10:15.669858    1281 load.go:37] Reloading schema and connectors...
 {"metadata":{"emulator":{"name":"dataconnect"},"message":"I0811 18:10:15.669858    1281 load.go:37] Reloading schema and connectors...\n"}}
[debug] [2025-08-11T18:10:15.837Z] I0811 18:10:15.837119    1281 control.go:84] [/emulator/studio 2c01] UpdateResources(): done
Schema: sources: schema/schema.gql [2088B] 
Connector "default": sources: connector/mutations.gql [1301B] connector/queries.gql [1947B] 
 {"metadata":{"emulator":{"name":"dataconnect"},"message":"I0811 18:10:15.837119    1281 control.go:84] [/emulator/studio 2c01] UpdateResources(): done\nSchema: sources: schema/schema.gql [2088B] \nConnector \"default\": sources: connector/mutations.gql [1301B] connector/queries.gql [1947B] \n"}}
[debug] [2025-08-11T18:10:15.965Z] I0811 18:10:15.956628    1281 collector.go:107] schema extensions wrote into "/home/user/studio/dataconnect/.dataconnect/schema"
Generated sources: prelude.gql [73172B] 
I0811 18:10:15.957949    1281 load.go:115] Finished reloading
 {"metadata":{"emulator":{"name":"dataconnect"},"message":"I0811 18:10:15.956628    1281 collector.go:107] schema extensions wrote into \"/home/user/studio/dataconnect/.dataconnect/schema\"\nGenerated sources: prelude.gql [73172B] \nI0811 18:10:15.957949    1281 load.go:115] Finished reloading\n"}}
[debug] [2025-08-11T18:10:15.989Z] I0811 18:10:15.985206    1281 dev.go:95] Listening on address (HTTP + gRPC): 127.0.0.1:50001
 {"metadata":{"emulator":{"name":"dataconnect"},"message":"I0811 18:10:15.985206    1281 dev.go:95] Listening on address (HTTP + gRPC): 127.0.0.1:50001\n"}}
[error] [Firebase Plugin] error:  {}
[debug] [2025-08-11T18:10:35.273Z] Running auto auth
[debug] [2025-08-11T18:10:35.296Z] No OAuth tokens found
[debug] [2025-08-11T18:10:35.296Z] [Firebase Plugin] User found:  sereymonyros@gmail.com
[info] [Firebase Plugin] (Core:Project) New user detected, fetching projects
[debug] [2025-08-11T18:10:35.299Z] No OAuth tokens found
[debug] [2025-08-11T18:10:35.301Z] >>> [apiv2][query] GET https://firebase.googleapis.com/v1beta1/projects pageSize=1000
[debug] [2025-08-11T18:10:35.695Z] <<< [apiv2][status] GET https://firebase.googleapis.com/v1beta1/projects 200
[debug] [2025-08-11T18:10:35.695Z] <<< [apiv2][body] GET https://firebase.googleapis.com/v1beta1/projects [omitted]
[info] [Firebase Plugin] Stopping Data Connect toolkit
[warn] ⚠  Data Connect Emulator has exited upon receiving signal: SIGINT 
